#dr_sasa v0.5
/home/alessio/dr_sasa_python/tests/data/pred.pdb
Selected complex surface (A^2):	20914.7
