#dr_sasa v0.5
NO_VALID_ATOMS_IN_SELECTION	terminate called after throwing an instance of 'int'
