#dr_sasa v0.5
SOLVENT	3i40.pdb	414	O	HOH	22	A
SOLVENT	3i40.pdb	415	O	HOH	23	A
SOLVENT	3i40.pdb	416	O	HOH	24	A
SOLVENT	3i40.pdb	417	O	HOH	25	A
SOLVENT	3i40.pdb	418	O	HOH	26	A
SOLVENT	3i40.pdb	419	O	HOH	27	A
SOLVENT	3i40.pdb	420	O	HOH	28	A
SOLVENT	3i40.pdb	421	O	HOH	29	A
SOLVENT	3i40.pdb	422	O	HOH	30	A
SOLVENT	3i40.pdb	423	O	HOH	31	A
SOLVENT	3i40.pdb	424	O	HOH	32	A
SOLVENT	3i40.pdb	425	O	HOH	33	A
SOLVENT	3i40.pdb	426	O	HOH	31	B
SOLVENT	3i40.pdb	427	O	HOH	32	B
SOLVENT	3i40.pdb	428	O	HOH	33	B
SOLVENT	3i40.pdb	429	O	HOH	34	B
SOLVENT	3i40.pdb	430	O	HOH	35	B
SOLVENT	3i40.pdb	431	O	HOH	36	B
SOLVENT	3i40.pdb	432	O	HOH	37	B
SOLVENT	3i40.pdb	433	O	HOH	38	B
SOLVENT	3i40.pdb	434	O	HOH	39	B
SOLVENT	3i40.pdb	435	O	HOH	40	B
SOLVENT	3i40.pdb	436	O	HOH	41	B
SOLVENT	3i40.pdb	437	O	HOH	42	B
SOLVENT	3i40.pdb	438	O	HOH	43	B
SOLVENT	3i40.pdb	439	O	HOH	44	B
SOLVENT	3i40.pdb	440	O	HOH	45	B
SOLVENT	3i40.pdb	441	O	HOH	46	B
SOLVENT	3i40.pdb	442	O	HOH	47	B
SOLVENT	3i40.pdb	443	O	HOH	48	B
SOLVENT	3i40.pdb	444	O	HOH	49	B
SOLVENT	3i40.pdb	445	O	HOH	50	B
SOLVENT	3i40.pdb	446	O	HOH	51	B
SOLVENT	3i40.pdb	447	O	HOH	52	B
SOLVENT	3i40.pdb	448	O	HOH	53	B
UNKNOWN_VDW_FIXED 3i40.pdb|N|GLY|1|A|N|1.6
UNKNOWN_VDW_FIXED 3i40.pdb|CA|GLY|1|A|C|1.8
UNKNOWN_VDW_FIXED 3i40.pdb|C|GLY|1|A|C|1.8
UNKNOWN_VDW_FIXED 3i40.pdb|O|GLY|1|A|O|1.4
UNKNOWN_VDW_FIXED 3i40.pdb|N|ILE|2|A|N|1.6
UNKNOWN_VDW_FIXED 3i40.pdb|CA|ILE|2|A|C|1.8
UNKNOWN_VDW_FIXED 3i40.pdb|C|ILE|2|A|C|1.8
UNKNOWN_VDW_FIXED 3i40.pdb|O|ILE|2|A|O|1.4
UNKNOWN_VDW_FIXED 3i40.pdb|CB|ILE|2|A|C|1.8
UNKNOWN_VDW_FIXED 3i40.pdb|CG1|ILE|2|A|C|1.8
UNKNOWN_VDW_FIXED 3i40.pdb|CG2|ILE|2|A|C|1.8
UNKNOWN_VDW_FIXED 3i40.pdb|CD1|ILE|2|A|C|1.8
UNKNOWN_VDW_FIXED 3i40.pdb|N|VAL|3|A|N|1.6
UNKNOWN_VDW_FIXED 3i40.pdb|CA|VAL|3|A|C|1.8
UNKNOWN_VDW_FIXED 3i40.pdb|C|VAL|3|A|C|1.8
UNKNOWN_VDW_FIXED 3i40.pdb|O|VAL|3|A|O|1.4
UNKNOWN_VDW_FIXED 3i40.pdb|CB|VAL|3|A|C|1.8
UNKNOWN_VDW_FIXED 3i40.pdb|CG1|VAL|3|A|C|1.8
UNKNOWN_VDW_FIXED 3i40.pdb|CG2|VAL|3|A|C|1.8
UNKNOWN_VDW_FIXED 3i40.pdb|N|GLU|4|A|N|1.6
UNKNOWN_VDW_FIXED 3i40.pdb|CA|GLU|4|A|C|1.8
UNKNOWN_VDW_FIXED 3i40.pdb|C|GLU|4|A|C|1.8
UNKNOWN_VDW_FIXED 3i40.pdb|O|GLU|4|A|O|1.4
UNKNOWN_VDW_FIXED 3i40.pdb|CB|GLU|4|A|C|1.8
UNKNOWN_VDW_FIXED 3i40.pdb|CG|GLU|4|A|C|1.8
UNKNOWN_VDW_FIXED 3i40.pdb|CD|GLU|4|A|C|1.8
UNKNOWN_VDW_FIXED 3i40.pdb|OE1|GLU|4|A|O|1.4
UNKNOWN_VDW_FIXED 3i40.pdb|OE2|GLU|4|A|O|1.4
UNKNOWN_VDW_FIXED 3i40.pdb|N|GLN|5|A|N|1.6
UNKNOWN_VDW_FIXED 3i40.pdb|CA|GLN|5|A|C|1.8
UNKNOWN_VDW_FIXED 3i40.pdb|C|GLN|5|A|C|1.8
UNKNOWN_VDW_FIXED 3i40.pdb|O|GLN|5|A|O|1.4
UNKNOWN_VDW_FIXED 3i40.pdb|CB|GLN|5|A|C|1.8
UNKNOWN_VDW_FIXED 3i40.pdb|CG|GLN|5|A|C|1.8
UNKNOWN_VDW_FIXED 3i40.pdb|CD|GLN|5|A|C|1.8
UNKNOWN_VDW_FIXED 3i40.pdb|OE1|GLN|5|A|O|1.4
UNKNOWN_VDW_FIXED 3i40.pdb|NE2|GLN|5|A|N|1.6
UNKNOWN_VDW_FIXED 3i40.pdb|N|CYS|6|A|N|1.6
UNKNOWN_VDW_FIXED 3i40.pdb|CA|CYS|6|A|C|1.8
UNKNOWN_VDW_FIXED 3i40.pdb|C|CYS|6|A|C|1.8
UNKNOWN_VDW_FIXED 3i40.pdb|O|CYS|6|A|O|1.4
UNKNOWN_VDW_FIXED 3i40.pdb|CB|CYS|6|A|C|1.8
UNKNOWN_VDW_FIXED 3i40.pdb|SG|CYS|6|A|S|1.85
UNKNOWN_VDW_FIXED 3i40.pdb|N|CYS|7|A|N|1.6
UNKNOWN_VDW_FIXED 3i40.pdb|CA|CYS|7|A|C|1.8
UNKNOWN_VDW_FIXED 3i40.pdb|C|CYS|7|A|C|1.8
UNKNOWN_VDW_FIXED 3i40.pdb|O|CYS|7|A|O|1.4
UNKNOWN_VDW_FIXED 3i40.pdb|CB|CYS|7|A|C|1.8
UNKNOWN_VDW_FIXED 3i40.pdb|SG|CYS|7|A|S|1.85
UNKNOWN_VDW_FIXED 3i40.pdb|N|THR|8|A|N|1.6
UNKNOWN_VDW_FIXED 3i40.pdb|CA|THR|8|A|C|1.8
UNKNOWN_VDW_FIXED 3i40.pdb|C|THR|8|A|C|1.8
UNKNOWN_VDW_FIXED 3i40.pdb|O|THR|8|A|O|1.4
UNKNOWN_VDW_FIXED 3i40.pdb|CB|THR|8|A|C|1.8
UNKNOWN_VDW_FIXED 3i40.pdb|OG1|THR|8|A|O|1.4
UNKNOWN_VDW_FIXED 3i40.pdb|CG2|THR|8|A|C|1.8
UNKNOWN_VDW_FIXED 3i40.pdb|N|SER|9|A|N|1.6
UNKNOWN_VDW_FIXED 3i40.pdb|CA|SER|9|A|C|1.8
UNKNOWN_VDW_FIXED 3i40.pdb|C|SER|9|A|C|1.8
UNKNOWN_VDW_FIXED 3i40.pdb|O|SER|9|A|O|1.4
UNKNOWN_VDW_FIXED 3i40.pdb|CB|SER|9|A|C|1.8
UNKNOWN_VDW_FIXED 3i40.pdb|OG|SER|9|A|O|1.4
UNKNOWN_VDW_FIXED 3i40.pdb|N|ILE|10|A|N|1.6
UNKNOWN_VDW_FIXED 3i40.pdb|CA|ILE|10|A|C|1.8
UNKNOWN_VDW_FIXED 3i40.pdb|C|ILE|10|A|C|1.8
UNKNOWN_VDW_FIXED 3i40.pdb|O|ILE|10|A|O|1.4
UNKNOWN_VDW_FIXED 3i40.pdb|CB|ILE|10|A|C|1.8
UNKNOWN_VDW_FIXED 3i40.pdb|CG1|ILE|10|A|C|1.8
UNKNOWN_VDW_FIXED 3i40.pdb|CG2|ILE|10|A|C|1.8
UNKNOWN_VDW_FIXED 3i40.pdb|CD1|ILE|10|A|C|1.8
UNKNOWN_VDW_FIXED 3i40.pdb|N|CYS|11|A|N|1.6
UNKNOWN_VDW_FIXED 3i40.pdb|CA|CYS|11|A|C|1.8
UNKNOWN_VDW_FIXED 3i40.pdb|C|CYS|11|A|C|1.8
UNKNOWN_VDW_FIXED 3i40.pdb|O|CYS|11|A|O|1.4
UNKNOWN_VDW_FIXED 3i40.pdb|CB|CYS|11|A|C|1.8
UNKNOWN_VDW_FIXED 3i40.pdb|SG|CYS|11|A|S|1.85
UNKNOWN_VDW_FIXED 3i40.pdb|N|SER|12|A|N|1.6
UNKNOWN_VDW_FIXED 3i40.pdb|CA|SER|12|A|C|1.8
UNKNOWN_VDW_FIXED 3i40.pdb|C|SER|12|A|C|1.8
UNKNOWN_VDW_FIXED 3i40.pdb|O|SER|12|A|O|1.4
UNKNOWN_VDW_FIXED 3i40.pdb|CB|SER|12|A|C|1.8
UNKNOWN_VDW_FIXED 3i40.pdb|OG|SER|12|A|O|1.4
UNKNOWN_VDW_FIXED 3i40.pdb|N|LEU|13|A|N|1.6
UNKNOWN_VDW_FIXED 3i40.pdb|CA|LEU|13|A|C|1.8
UNKNOWN_VDW_FIXED 3i40.pdb|C|LEU|13|A|C|1.8
UNKNOWN_VDW_FIXED 3i40.pdb|O|LEU|13|A|O|1.4
UNKNOWN_VDW_FIXED 3i40.pdb|CB|LEU|13|A|C|1.8
UNKNOWN_VDW_FIXED 3i40.pdb|CG|LEU|13|A|C|1.8
UNKNOWN_VDW_FIXED 3i40.pdb|CD1|LEU|13|A|C|1.8
UNKNOWN_VDW_FIXED 3i40.pdb|CD2|LEU|13|A|C|1.8
UNKNOWN_VDW_FIXED 3i40.pdb|N|TYR|14|A|N|1.6
UNKNOWN_VDW_FIXED 3i40.pdb|CA|TYR|14|A|C|1.8
UNKNOWN_VDW_FIXED 3i40.pdb|C|TYR|14|A|C|1.8
UNKNOWN_VDW_FIXED 3i40.pdb|O|TYR|14|A|O|1.4
UNKNOWN_VDW_FIXED 3i40.pdb|CB|TYR|14|A|C|1.8
UNKNOWN_VDW_FIXED 3i40.pdb|CG|TYR|14|A|C|1.8
UNKNOWN_VDW_FIXED 3i40.pdb|CD1|TYR|14|A|C|1.8
UNKNOWN_VDW_FIXED 3i40.pdb|CD2|TYR|14|A|C|1.8
UNKNOWN_VDW_FIXED 3i40.pdb|CE1|TYR|14|A|C|1.8
UNKNOWN_VDW_FIXED 3i40.pdb|CE2|TYR|14|A|C|1.8
UNKNOWN_VDW_FIXED 3i40.pdb|CZ|TYR|14|A|C|1.8
UNKNOWN_VDW_FIXED 3i40.pdb|OH|TYR|14|A|O|1.4
UNKNOWN_VDW_FIXED 3i40.pdb|N|GLN|15|A|N|1.6
UNKNOWN_VDW_FIXED 3i40.pdb|CA|GLN|15|A|C|1.8
UNKNOWN_VDW_FIXED 3i40.pdb|C|GLN|15|A|C|1.8
UNKNOWN_VDW_FIXED 3i40.pdb|O|GLN|15|A|O|1.4
UNKNOWN_VDW_FIXED 3i40.pdb|CB|GLN|15|A|C|1.8
UNKNOWN_VDW_FIXED 3i40.pdb|CG|GLN|15|A|C|1.8
UNKNOWN_VDW_FIXED 3i40.pdb|CD|GLN|15|A|C|1.8
UNKNOWN_VDW_FIXED 3i40.pdb|OE1|GLN|15|A|O|1.4
UNKNOWN_VDW_FIXED 3i40.pdb|NE2|GLN|15|A|N|1.6
UNKNOWN_VDW_FIXED 3i40.pdb|N|LEU|16|A|N|1.6
UNKNOWN_VDW_FIXED 3i40.pdb|CA|LEU|16|A|C|1.8
UNKNOWN_VDW_FIXED 3i40.pdb|C|LEU|16|A|C|1.8
UNKNOWN_VDW_FIXED 3i40.pdb|O|LEU|16|A|O|1.4
UNKNOWN_VDW_FIXED 3i40.pdb|CB|LEU|16|A|C|1.8
UNKNOWN_VDW_FIXED 3i40.pdb|CG|LEU|16|A|C|1.8
UNKNOWN_VDW_FIXED 3i40.pdb|CD1|LEU|16|A|C|1.8
UNKNOWN_VDW_FIXED 3i40.pdb|CD2|LEU|16|A|C|1.8
UNKNOWN_VDW_FIXED 3i40.pdb|N|GLU|17|A|N|1.6
UNKNOWN_VDW_FIXED 3i40.pdb|CA|GLU|17|A|C|1.8
UNKNOWN_VDW_FIXED 3i40.pdb|C|GLU|17|A|C|1.8
UNKNOWN_VDW_FIXED 3i40.pdb|O|GLU|17|A|O|1.4
UNKNOWN_VDW_FIXED 3i40.pdb|CB|GLU|17|A|C|1.8
UNKNOWN_VDW_FIXED 3i40.pdb|CG|GLU|17|A|C|1.8
UNKNOWN_VDW_FIXED 3i40.pdb|CD|GLU|17|A|C|1.8
UNKNOWN_VDW_FIXED 3i40.pdb|OE1|GLU|17|A|O|1.4
UNKNOWN_VDW_FIXED 3i40.pdb|OE2|GLU|17|A|O|1.4
UNKNOWN_VDW_FIXED 3i40.pdb|N|ASN|18|A|N|1.6
UNKNOWN_VDW_FIXED 3i40.pdb|CA|ASN|18|A|C|1.8
UNKNOWN_VDW_FIXED 3i40.pdb|C|ASN|18|A|C|1.8
UNKNOWN_VDW_FIXED 3i40.pdb|O|ASN|18|A|O|1.4
UNKNOWN_VDW_FIXED 3i40.pdb|CB|ASN|18|A|C|1.8
UNKNOWN_VDW_FIXED 3i40.pdb|CG|ASN|18|A|C|1.8
UNKNOWN_VDW_FIXED 3i40.pdb|OD1|ASN|18|A|O|1.4
UNKNOWN_VDW_FIXED 3i40.pdb|ND2|ASN|18|A|N|1.6
UNKNOWN_VDW_FIXED 3i40.pdb|N|TYR|19|A|N|1.6
UNKNOWN_VDW_FIXED 3i40.pdb|CA|TYR|19|A|C|1.8
UNKNOWN_VDW_FIXED 3i40.pdb|C|TYR|19|A|C|1.8
UNKNOWN_VDW_FIXED 3i40.pdb|O|TYR|19|A|O|1.4
UNKNOWN_VDW_FIXED 3i40.pdb|CB|TYR|19|A|C|1.8
UNKNOWN_VDW_FIXED 3i40.pdb|CG|TYR|19|A|C|1.8
UNKNOWN_VDW_FIXED 3i40.pdb|CD1|TYR|19|A|C|1.8
UNKNOWN_VDW_FIXED 3i40.pdb|CD2|TYR|19|A|C|1.8
UNKNOWN_VDW_FIXED 3i40.pdb|CE1|TYR|19|A|C|1.8
UNKNOWN_VDW_FIXED 3i40.pdb|CE2|TYR|19|A|C|1.8
UNKNOWN_VDW_FIXED 3i40.pdb|CZ|TYR|19|A|C|1.8
UNKNOWN_VDW_FIXED 3i40.pdb|OH|TYR|19|A|O|1.4
UNKNOWN_VDW_FIXED 3i40.pdb|N|CYS|20|A|N|1.6
UNKNOWN_VDW_FIXED 3i40.pdb|CA|CYS|20|A|C|1.8
UNKNOWN_VDW_FIXED 3i40.pdb|C|CYS|20|A|C|1.8
UNKNOWN_VDW_FIXED 3i40.pdb|O|CYS|20|A|O|1.4
UNKNOWN_VDW_FIXED 3i40.pdb|CB|CYS|20|A|C|1.8
UNKNOWN_VDW_FIXED 3i40.pdb|SG|CYS|20|A|S|1.85
UNKNOWN_VDW_FIXED 3i40.pdb|N|ASN|21|A|N|1.6
UNKNOWN_VDW_FIXED 3i40.pdb|CA|ASN|21|A|C|1.8
UNKNOWN_VDW_FIXED 3i40.pdb|C|ASN|21|A|C|1.8
UNKNOWN_VDW_FIXED 3i40.pdb|O|ASN|21|A|O|1.4
UNKNOWN_VDW_FIXED 3i40.pdb|CB|ASN|21|A|C|1.8
UNKNOWN_VDW_FIXED 3i40.pdb|CG|ASN|21|A|C|1.8
UNKNOWN_VDW_FIXED 3i40.pdb|OD1|ASN|21|A|O|1.4
UNKNOWN_VDW_FIXED 3i40.pdb|ND2|ASN|21|A|N|1.6
UNKNOWN_VDW_FIXED 3i40.pdb|OXT|ASN|21|A|O|1.4
/home/alessio/dr_sasa_python/tests/data/3i40.pdb done:
Selected complex surface (A^2):	13.1528
