#dr_sasa v0.5
/home/alessio/dr_sasa_python/tests/data/3i40.pdb
SOLVENT	3i40.pdb	414	O	HOH	22	A
SOLVENT	3i40.pdb	415	O	HOH	23	A
SOLVENT	3i40.pdb	416	O	HOH	24	A
SOLVENT	3i40.pdb	417	O	HOH	25	A
SOLVENT	3i40.pdb	418	O	HOH	26	A
SOLVENT	3i40.pdb	419	O	HOH	27	A
SOLVENT	3i40.pdb	420	O	HOH	28	A
SOLVENT	3i40.pdb	421	O	HOH	29	A
SOLVENT	3i40.pdb	422	O	HOH	30	A
SOLVENT	3i40.pdb	423	O	HOH	31	A
SOLVENT	3i40.pdb	424	O	HOH	32	A
SOLVENT	3i40.pdb	425	O	HOH	33	A
SOLVENT	3i40.pdb	426	O	HOH	31	B
SOLVENT	3i40.pdb	427	O	HOH	32	B
SOLVENT	3i40.pdb	428	O	HOH	33	B
SOLVENT	3i40.pdb	429	O	HOH	34	B
SOLVENT	3i40.pdb	430	O	HOH	35	B
SOLVENT	3i40.pdb	431	O	HOH	36	B
SOLVENT	3i40.pdb	432	O	HOH	37	B
SOLVENT	3i40.pdb	433	O	HOH	38	B
SOLVENT	3i40.pdb	434	O	HOH	39	B
SOLVENT	3i40.pdb	435	O	HOH	40	B
SOLVENT	3i40.pdb	436	O	HOH	41	B
SOLVENT	3i40.pdb	437	O	HOH	42	B
SOLVENT	3i40.pdb	438	O	HOH	43	B
SOLVENT	3i40.pdb	439	O	HOH	44	B
SOLVENT	3i40.pdb	440	O	HOH	45	B
SOLVENT	3i40.pdb	441	O	HOH	46	B
SOLVENT	3i40.pdb	442	O	HOH	47	B
SOLVENT	3i40.pdb	443	O	HOH	48	B
SOLVENT	3i40.pdb	444	O	HOH	49	B
SOLVENT	3i40.pdb	445	O	HOH	50	B
SOLVENT	3i40.pdb	446	O	HOH	51	B
SOLVENT	3i40.pdb	447	O	HOH	52	B
SOLVENT	3i40.pdb	448	O	HOH	53	B
UNKNOWN_VDW_NAME_FIXED 3i40.pdb|OXT|ASN|21|A|O|1.4
Selected complex surface (A^2):	1998.5
3i40 NO_VALID_ATOMS_IN_PDB
terminate called after throwing an instance of 'int'
